
cr[PC]:0x68; ir[x5,t0]:0x200000; ir[x6,t1]:0x200008; ir[x7,t2]:0x200010; ir[x8,fp,s0]:0x200018; ir[x9,s1]:0x20001c; ir[x10,a0]:0x200020; ir[x17,a7]:0xa; fpr[ft0,f0]:0x408354FA6DEFC7A4; fpr[ft2,f2]:0x408C12C083126E98; fpr[ft4,f4]:0x40C35CC666666666; fpr[ft6,f6]:0x409354FA6DEFC7A4; fpr[fs0,f8]:0x409C12C083126E98; fpr[fa0,f10]:0x40D35CC666666666; fpr[fa2,f12]:0x0000000042F73E9B; fpr[fa4,f14]:0x0000000043E42C08; fpr[fa6,f16]:0x00000000C5EC1466; fpr[fs2,f18]:0x000000004410FDD7; fpr[fs4,f20]:0x00000000C5DDD1A6; fpr[fs6,f22]:0x00000000C5E8376C; keyboard[0x0]:''; display[0x0]:''; 

