

 Error found.
 undefined
cr[PC]:0x68; ir[x5,t0]:0x200000; ir[x6,t1]:0x200008; ir[x7,t2]:0x200010; ir[x8,fp,s0]:0x200018; ir[x9,s1]:0x20001c; ir[x10,a0]:0x200020; ir[x17,a7]:0xa; fpr[ft0,f0]:0x4070000000000000; fpr[ft2,f2]:0xC0AB320000000000; fpr[ft4,f4]:0x40B5640000000000; fpr[ft6,f6]:0x4070000000000000; fpr[fs0,f8]:0x40AB320000000000; fpr[fa0,f10]:0x40B5640000000000; fpr[fa2,f12]:0x00000000C6192400; fpr[fa4,f14]:0x0000000046016400; fpr[fa6,f16]:0x00000000C6100000; fpr[fs2,f18]:0x0000000046192400; fpr[fs4,f20]:0x0000000046016400; fpr[fs6,f22]:0x0000000046100000; keyboard[0x0]:''; display[0x0]:''; 

