
cr[PC]:0x40; ir[x5,t0]:0x200000; ir[x6,t1]:0x200008; ir[x8,fp,s0]:0x200010; ir[x9,s1]:0x200014; ir[x10,a0]:0x1; ir[x17,a7]:0xa; fpr[ft0,f0]:0x4070000000000000; fpr[ft2,f2]:0x40AB320000000000; fpr[fa2,f12]:0x0000000046192400; fpr[fa4,f14]:0x0000000046192400; keyboard[0x0]:''; display[0x0]:''; 

