

 Error found.
 undefined
cr[PC]:0x20; ir[1,at]:0x40ba1100; ir[2,v0]:0x3; sfpr[f12]:0x40BA1100; dfpr[FP12]:0x40BA110000000000; keyboard[0x0]:''; display[0x0]:''; 

