

 Error found.
 undefined
cr[PC]:0x14; ir[1,at]:0x45d08800; ir[2,v0]:0x2; sfpr[f12]:0x45D08800; dfpr[FP12]:0x45D0880000000000; keyboard[0x0]:''; display[0x0]:''; 

