

 Error found.
 undefined
cr[PC]:0x14; ir[2,v0]:0x9; ir[4,a0]:0x8; ir[8,t0]:0xa; ir[9,t1]:0x14; keyboard[0x0]:''; display[0x0]:''; 

