

 Error found.
 undefined
cr[PC]:0x14; ir[1,at]:0x200000; ir[2,v0]:0x4; ir[4,a0]:0x200000; keyboard[0x0]:''; display[0x0]:''; 

