

 Error found.
 undefined
cr[PC]:0xc; ir[2,v0]:0x1; ir[4,a0]:0x1a11; keyboard[0x0]:''; display[0x0]:''; 

