

 Error found.
 undefined
cr[PC]:0x18; ir[x5,t0]:0x1a11; ir[x17,a7]:0x2; fpr[fa0,f10]:0x0000000045D08800; keyboard[0x0]:''; display[0x0]:''; 

