

 Error found.
 undefined
cr[PC]:0x14; ir[x5,t0]:0xa; ir[x6,t1]:0x14; ir[x10,a0]:0x8; ir[x17,a7]:0x9; keyboard[0x0]:''; display[0x0]:''; 

