

 Error found.
 undefined
cr[PC]:0x10; ir[x10,a0]:0x200000; ir[x17,a7]:0x4; keyboard[0x0]:''; display[0x0]:''; 

