

 Error found.
 undefined
cr[PC]:0x14; ir[x10,a0]:0x1a11; ir[x17,a7]:0x1; keyboard[0x0]:''; display[0x0]:''; 

