

 Error found.
 undefined
cr[PC]:0x10; ir[16,s0]:0x2; keyboard[0x0]:''; display[0x0]:''; 

