

 Error found.
 undefined
cr[PC]:0x10; ir[19,s3]:0x5; keyboard[0x0]:''; display[0x0]:''; 

