

 Error found.
 undefined
cr[PC]:0x14; ir[4,a0]:0x5; ir[10,t2]:0x1; keyboard[0x0]:''; display[0x0]:''; 

