

 Error found.
 undefined
cr[PC]:0x10; ir[2,v0]:0x5; keyboard[0x0]:''; display[0x0]:''; 

