

 Error found.
 undefined
cr[PC]:0x2c; ir[x1,ra]:0x24; ir[x10,a0]:0xa; ir[x11,a1]:0xa; ir[x17,a7]:0x1; keyboard[0x0]:''; display[0x0]:''; 

