

 Error found.
 undefined
cr[PC]:0x2c; ir[x1,ra]:0x24; ir[x2,sp]:0xffffff8; ir[x6,t1]:0xffffffca; ir[x7,t2]:0x5a; ir[x10,a0]:0xffffff70; ir[x11,a1]:0x5a; ir[x12,a2]:0x2d; ir[x17,a7]:0x1; keyboard[0x0]:''; display[0x0]:''; 

