

 Error found.
 undefined
cr[PC]:0x18; ir[x1,ra]:0x10; ir[x2,sp]:0xffffff8; ir[x5,t0]:0x2; ir[x6,t1]:0x5; ir[x10,a0]:0x78; ir[x17,a7]:0x1; keyboard[0x0]:''; display[0x0]:''; 

