
cr[PC]:0x48; ir[t0,x5]:0x200000; ir[t1,x6]:0x200004; ir[t2,x7]:0x200006; ir[fp,s0,x8]:0xe; ir[a0,x10]:0x78; ir[a2,x12]:0x16; ir[a4,x14]:0x200010; memory[0x200011]:0x16; memory[0x20000d]:0x78; memory[0x20000b]:0x0e; keyboard[0x0]:''; display[0x0]:''; 

