

 Error found.
 undefined
cr[PC]:0x0; ir[4,a0]:0x5; ir[5,a1]:0xa; keyboard[0x0]:''; display[0x0]:''; 

