

 Error found.
 undefined
cr[PC]:0x38; ir[1,at]:0xffffffb3; ir[4,a0]:0x17; ir[5,a1]:0xffffffb3; ir[6,a2]:0x2d; keyboard[0x0]:''; display[0x0]:''; 

