

 Error found.
 undefined
cr[PC]:0x1c; ir[4,a0]:0x5; keyboard[0x0]:''; display[0x0]:''; 

