

[E10] Error: Field is too small to contain value `74565`
   ╭─[assembly:7:20]
   │
 7 │   example:   .half 0x12345
   │                    ───┬───  
   │                       ╰───── This expression has value 74565
   │ 
   │ Note: Allowed range is [-32768, 65535]
───╯

Not executed
keyboard[0x0]:''; display[0x0]:''; 

