

Error: found end of input but expected "\""
   ╭─[assembly:9:2]
   │
 9 │ 
   │  │ 
   │  ╰─ Unexpected input
   │  │ 
   │  ╰─ while parsing this token
───╯

Not executed
keyboard[0x0]:''; display[0x0]:''; 

