

[E10] Error: Field is too small to contain value `291`
   ╭─[assembly:7:19]
   │
 7 │     a:      .byte 0x123
   │                   ──┬──  
   │                     ╰──── This expression has value 291
   │ 
   │ Note: Allowed range is [-128, 255]
───╯

Not executed
keyboard[0x0]:''; display[0x0]:''; 

