

[E05] Error: Register `s50` isn't defined in bank type Integer
    ╭─[assembly:12:19]
    │
 12 │    add $t0, $t1, $s50
    │                   ─┬─  
    │                    ╰─── Unknown register
────╯

Not executed
keyboard[0x0]:''; display[0x0]:''; 

