

[E10] Error: Field is too small to contain value `305419896`
   ╭─[assembly:8:6]
   │
 8 │    j 0x12345678
   │      ─────┬────  
   │           ╰────── This expression has value 305419896
   │ 
   │ Note: Allowed range is [-33554432, 33554431]
───╯

Not executed
keyboard[0x0]:''; display[0x0]:''; 

