

[E03] Error: Label `mains` isn't defined
    ╭─[assembly:11:7]
    │
 11 │     j mains
    │       ──┬──  
    │         ╰──── Unknown label
────╯

Not executed
keyboard[0x0]:''; display[0x0]:''; 

