

 Error found.
 undefined
cr[PC]:0x30; ir[1,at]:0x123515; ir[13,t5]:0x223; ir[14,t6]:0xfffffc57; ir[15,t7]:0xc; ir[24,t8]:0x123515; keyboard[0x0]:''; display[0x0]:''; 

